---
source: crates/sty/tests/cli.rs
expression: "stderr(&output).replace(utf8_path(fixture.root.path())?, \"[ROOT]\")"
---
error[invalid-argument-type]: Argument to class `Api` is incorrect
 --> [ROOT]/root.star:3:16
  |
1 | load("//example:api.star", "api")
2 | def check():
3 |     api.submit(flag="wrong")
  |                ^^^^^^^^^^^^ Expected `bool`, found `Literal["wrong"]`
info: Callable defined here
 --> [ROOT]/api.star:1:7
  |
1 | Api = record(flag=bool)
  |       ^^^^^^^^^^^^----^
  |                   |
  |                   Parameter declared here
2 | api = struct(submit=Api)
  |
