---
source: crates/sty/tests/cli.rs
expression: "stderr(&output).replace(utf8_path(fixture.root.path())?, \"[ROOT]\")"
---
error[invalid-argument-type]: Config.value, expected int, got str
 --> [ROOT]/root.star:2:14
  |
1 | Config = record(value=field(int, default=7))
  |                             --- field declared at
2 | Config(value="bad")
  |              ^^^^^
