---
source: crates/sty/tests/cli.rs
expression: stderr(&output)
---
error[invalid-argument-type]: function 'helper' can receive str here; expected int
 --> consumer/entry.bzl:4:19
  |
2 | GOOD = 1
3 | def relay(value):
4 |     return helper(value)
  |                   ^^^^^
5 | def wrong_str():
6 |     return relay("wrong")
  |
 ::: shared/defs.bzl.pyi:1:21
  |
1 | def identity(value: int) -> int: ...
  |                     --- declared at

error[invalid-argument-type]: function 'helper' can receive bool here; expected int
 --> consumer/entry.bzl:4:19
  |
2 | GOOD = 1
3 | def relay(value):
4 |     return helper(value)
  |                   ^^^^^
5 | def wrong_str():
6 |     return relay("wrong")
  |
 ::: shared/defs.bzl.pyi:1:21
  |
1 | def identity(value: int) -> int: ...
  |                     --- declared at

error[invalid-argument-count]: function 'picked' expects 1 positional argument, got 2
 --> consumer/other.bzl:3:12
  |
1 | load("//shared:defs.bzl", picked="identity")
2 | def bad_arity():
3 |     return picked(1, 2)
  |            ^^^^^^^^^^^^
  |
 ::: shared/defs.bzl:1:5
  |
1 | def identity(value):
  |     -------- declared at
2 |     return value
  |
