---
source: crates/sty/tests/cli.rs
expression: stderr(&output)
---
error[invalid-argument-type]: Argument to function `identity` is incorrect
 --> consumer/entry.bzl:6:19
  |
4 |     return helper(value)
5 | def wrong_str():
6 |     return helper("wrong")
  |                   ^^^^^^^ Expected `int`, found `Literal["wrong"]`
7 | def wrong_bool():
8 |     return helper(False)
  |
 ::: shared/defs.bzl.pyi:1:21
  |
1 | def identity(value: int) -> int: ...
  |                     --- Parameter type declared here
info: Function defined here
 --> shared/defs.bzl:1:5
  |
1 | def identity(value):
  |     ^^^^^^^^ ----- Parameter declared here
2 |     return value
  |

error[invalid-argument-type]: Argument to function `identity` is incorrect
 --> consumer/entry.bzl:8:19
  |
6 |     return helper("wrong")
7 | def wrong_bool():
8 |     return helper(False)
  |                   ^^^^^ Expected `int`, found `Literal[False]`
  |
 ::: shared/defs.bzl.pyi:1:21
  |
1 | def identity(value: int) -> int: ...
  |                     --- Parameter type declared here
info: Function defined here
 --> shared/defs.bzl:1:5
  |
1 | def identity(value):
  |     ^^^^^^^^ ----- Parameter declared here
2 |     return value
  |

error[too-many-positional-arguments]: Too many positional arguments to function `identity`: expected 1, got 2
 --> consumer/other.bzl:3:22
  |
1 | load("//shared:defs.bzl", picked="identity")
2 | def bad_arity():
3 |     return picked(1, 2)
  |                      ^
info: Function signature here
 --> shared/defs.bzl:1:5
  |
1 | def identity(value):
  |     ^^^^^^^^^^^^^^^
2 |     return value
  |
