---
source: crates/sty/tests/cli.rs
expression: "stderr(&output).replace(utf8_path(fixture.root.path())?, \"[ROOT]\")"
---
error[invalid-argument-type]: choose parameter multiarch, expected bool, got str
 --> [ROOT]/root.star:3:18
  |
1 | def choose(multiarch: bool):
  |                       ---- parameter annotated at
2 |     pass
3 | choose(multiarch="wrong")
  |                  ^^^^^^^
